C51 COMPILER V9.60.7.0   HW                                                                04/09/2025 10:24:08 PAGE 1   


C51 COMPILER V9.60.7.0, COMPILATION OF MODULE HW
OBJECT MODULE PLACED IN .\Objects\hw.obj
COMPILER INVOKED BY: C:\Keil_v5\C51\BIN\C51.EXE hw.c OPTIMIZE(8,SPEED) BROWSE DEBUG OBJECTEXTEND PRINT(.\Listings\hw.lst
                    -) TABS(2) OBJECT(.\Objects\hw.obj)

line level    source

   1          #include <REGX52.H>
   2          #include "LCD1602.h"
   3          char flat;
   4          char bz=1;
   5          char chr;
   6          unsigned char ar[4];
   7          char i=0;
   8          int time;
   9          void TO()   //计时
  10          { 
  11   1        TMOD&=0xf0;//选择工作模式    00110001
  12   1        TMOD|=0x01;
  13   1        TH0=0;
  14   1        TL0=0;
  15   1        TF0=0;
  16   1        TR0=0;   //停止计数
  17   1      }
  18          
  19          void TC(char i)
  20          {
  21   1        if(i)
  22   1        TR0=1;    //开始计时
  23   1        else
  24   1        TR0=0;     //停止计时
  25   1      }
  26          
  27          unsigned int Count()   //得到计时
  28          {
  29   1        int a=TH0;
  30   1        int b=TL0;
  31   1        return (TH0<<8)|TL0;
  32   1      }
  33          
  34          void Settime()    //设置计时器
  35          {
  36   1        TH0=0;
  37   1        TL0=0;
  38   1      }
  39          
  40          
  41          
  42          //--------------------------------------------------------------------------------------------------------
             ---
  43          
  44          
  45          void TW()      //外部中断
  46          {
  47   1        IT0=1;       //下降沿有效
  48   1        IE0=0;       //中断允许标志位
  49   1        EX0=1;       //外部中断允许位
  50   1        EA=1;        //中断允许寄存器
  51   1      }
  52          
  53          
C51 COMPILER V9.60.7.0   HW                                                                04/09/2025 10:24:08 PAGE 2   

  54          void TW_() interrupt 0
  55          {
  56   1             TC(1);  
  57   1             if(bz==1)
  58   1             {
  59   2               time=Count();
  60   2               Settime();
  61   2               if(13500-1000<time&&13500+1000>time) //开始信号
  62   2                {
  63   3                  P2_0=0;
  64   3                  bz=2;
  65   3                }
  66   2             }
  67   1            else if(bz==2)
  68   1            {
  69   2              time=Count();
  70   2              Settime();
  71   2              if(620<time&&1620>time)
  72   2              {
  73   3                 ar[i/8]&=~(0x01<<(i%8));
  74   3                 i++;
  75   3                  
  76   3               }
  77   2               else if(1750<time&&2750>time)
  78   2              {
  79   3                  ar[i/8]|=(0x01<<(i%8));
  80   3                  i++;  
  81   3              } 
  82   2             }
  83   1              
  84   1              if(i>=32)
  85   1              {
  86   2                 LCD_ShowNum(1,1,i,7);
  87   2                  if(ar[0]==~ar[1]&&ar[2]==~ar[3])
  88   2                  {
  89   3                   i=0;
  90   3                   TC(0);
  91   3                   Settime();
  92   3                   bz=1;
  93   3                  }
  94   2                  LCD_ShowNum(2,1,ar[0],3);
  95   2                  LCD_ShowNum(2,5,ar[1],3);
  96   2                  LCD_ShowNum(2,9,ar[2],3);
  97   2                  LCD_ShowNum(2,13,ar[3],3);
  98   2              }
  99   1      }
 100          
 101          
 102          //-----------------------------------------------------------------------------------------------
 103          
 104          unsigned char get_chr()
 105          {
 106   1        return ar[0];        
 107   1      }


MODULE INFORMATION:   STATIC OVERLAYABLE
   CODE SIZE        =    468    ----
   CONSTANT SIZE    =   ----    ----
   XDATA SIZE       =   ----    ----
   PDATA SIZE       =   ----    ----
   DATA SIZE        =     10       4
C51 COMPILER V9.60.7.0   HW                                                                04/09/2025 10:24:08 PAGE 3   

   IDATA SIZE       =   ----    ----
   BIT SIZE         =   ----    ----
END OF MODULE INFORMATION.


C51 COMPILATION COMPLETE.  0 WARNING(S),  0 ERROR(S)
